error: proc-macro derive panicked
 --> tests/ui/compile_errors/item-is-union.rs:3:10
  |
3 | #[derive(PartialEqDyn)]
  |          ^^^^^^^^^^^^
  |
  = help: message: Since standard PartialEq can't be derived for Unions we also don't derive a dynamic PartialEq
